// Jest Snapshot v1, https://goo.gl/fbAQLP

exports[`Link changes the class when hovered 1`] = `
<a
  href="/houses/2"
  onClick={[Function]}
>
  <div
    className="shadow rounded infoCarousel__wrapper-desc-info mx-auto "
  >
    <img
      alt="..."
      className="w-100 border-card"
      src="https://images.unsplash.com/photo-1603993097397-89c963e325c7?ixid=MnwxMjA3fDF8MHxwaG90by1wYWdlfHx8fGVufDB8fHx8&ixlib=rb-1.2.1&auto=format&fit=crop&w=750&q=80"
    />
    <div
      className="d-flex bg-white justify-content-between align-items-center p-3"
    >
      <div>
        <h3
          className="text-center font-weight-bold test-class"
        >
          Family house
        </h3>
        <span
          className="fa fa-star checked"
        />
        <span
          className="fa fa-star checked"
        />
        <span
          className="fa fa-star checked"
        />
        <span
          className="fa fa-star checked"
        />
        <span
          className="fa fa-star text-sm-gray"
        />
      </div>
      <div>
        <p
          className="font-weight-bold text-center"
        >
          $ 5,000.00
        </p>
        <p
          className="text-sm-gray text-center"
        >
          Per month
        </p>
      </div>
    </div>
  </div>
</a>
`;
