// Jest Snapshot v1, https://goo.gl/fbAQLP

exports[`should correctly render Details page 1`] = `
<div
  className=" infoCarousel__wrapper pt-5"
>
  <h2
    className="text-sm-gray text-center my-2 text-uppercase fw-bold"
  >
    People are already enjoying the service
  </h2>
  <h1
    className="text-lg-black text-center mb-3"
  >
    Look what these have to say
  </h1>
  <div
    className="mb-3 carousel slide"
    onKeyDown={[Function]}
    onMouseOut={[Function]}
    onMouseOver={[Function]}
    onTouchEnd={[Function]}
    onTouchMove={[Function]}
    onTouchStart={[Function]}
  >
    <ol
      className="carousel-indicators"
    >
      <li
        className="active"
        onClick={[Function]}
      />
      <li
        onClick={[Function]}
      />
      <li
        onClick={[Function]}
      />
    </ol>
    <div
      className="carousel-inner"
    >
      <div
        className="active carousel-item"
      >
        <div
          className="shadow rounded infoCarousel__wrapper-desc-info p-4 mx-auto "
        >
          <img
            alt="..."
            className="d-block mx-auto card-rounded-image"
            src="man.jpg"
          />
          <h3
            className="text-center fw-bold"
          >
            John Hudson
          </h3>
          <p
            className="text-sm-gray text-center"
          >
            Designer
          </p>
          <p
            className="text-sm-gray text-center"
          >
            Lorem ipsum dolor sit amet consectetur adipisicing elit. Minus, doloremque! Harum repellendus vero voluptas exercitationem?
          </p>
        </div>
      </div>
      <div
        className="carousel-item"
      >
        <div
          className="shadow rounded  infoCarousel__wrapper-desc-info p-4 mx-auto"
        >
          <img
            alt="..."
            className="d-block mx-auto card-rounded-image"
            src="man-2.jpg"
          />
          <h3
            className="text-center fw-bold"
          >
            Dean Hudson
          </h3>
          <p
            className="text-sm-gray text-center"
          >
            Lawyer
          </p>
          <p
            className="text-sm-gray text-center"
          >
            Lorem ipsum dolor sit amet consectetur adipisicing elit. Minus, doloremque! Harum repellendus vero voluptas exercitationem?
          </p>
        </div>
      </div>
      <div
        className="carousel-item"
      >
        <div
          className="shadow rounded infoCarousel__wrapper-desc-info p-4 mx-auto"
        >
          <img
            alt="..."
            className="d-block mx-auto card-rounded-image my-2"
            src="women.jpg"
          />
          <h3
            className="text-center fw-bold"
          >
            Emma Watson
          </h3>
          <p
            className="text-sm-gray text-center my-2"
          >
            Designer
          </p>
          <p
            className="text-sm-gray text-center"
          >
            Lorem ipsum dolor sit amet consectetur adipisicing elit. Minus, doloremque! Harum repellendus vero voluptas exercitationem?
          </p>
        </div>
      </div>
    </div>
    <a
      className="carousel-control-prev"
      href="#"
      onClick={[Function]}
      onKeyDown={[Function]}
      role="button"
    >
      <span
        aria-hidden="true"
        className="carousel-control-prev-icon"
      />
      <span
        className="sr-only"
      >
        Previous
      </span>
    </a>
    <a
      className="carousel-control-next"
      href="#"
      onClick={[Function]}
      onKeyDown={[Function]}
      role="button"
    >
      <span
        aria-hidden="true"
        className="carousel-control-next-icon"
      />
      <span
        className="sr-only"
      >
        Next
      </span>
    </a>
  </div>
</div>
`;
